---
source: tools/junius/tests/cli.rs
expression: stdout
---
Plugin inspection and lifecycle

Usage: junius plugin [OPTIONS] <COMMAND>

Commands:
  list     List enabled plugins in a deployment config
  info     Show a plugin's manifest summary
  enable   Add a plugin to a deployment's `[plugins].enabled` (verifying its required dependencies are enabled) and re-sync
  disable  Remove a plugin from `[plugins].enabled` (refusing if another enabled plugin requires it) and re-sync

Options:
      --format <FORMAT>  Output format for command results [default: plain] [possible values: plain, json]
  -v, --verbose...       Increase verbosity (repeat for more)
      --cwd <CWD>        Run as if junius were started in <CWD>
  -h, --help             Print help
